#
# There is insufficient memory for the Java Runtime Environment to continue.
# Native memory allocation (malloc) failed to allocate 1492976 bytes. Error detail: Chunk::new
# Possible reasons:
#   The system is out of physical RAM or swap space
#   This process is running with CompressedOops enabled, and the Java Heap may be blocking the growth of the native heap
# Possible solutions:
#   Reduce memory load on the system
#   Increase physical memory or swap space
#   Check if swap backing store is full
#   Decrease Java heap size (-Xmx/-Xms)
#   Decrease number of Java threads
#   Decrease Java thread stack sizes (-Xss)
#   Set larger code cache with -XX:ReservedCodeCacheSize=
#   JVM is running with Unscaled Compressed Oops mode in which the Java heap is
#     placed in the first 4GB address space. The Java Heap base address is the
#     maximum limit for the native heap growth. Please use -XX:HeapBaseMinAddress
#     to set the Java Heap base and to place the Java Heap above 4GB virtual address.
# This output file may be truncated or incomplete.
#
#  Out of Memory Error (arena.cpp:168), pid=29728, tid=22900
#
# JRE version: OpenJDK Runtime Environment Temurin-21.0.11+10 (21.0.11+10) (build 21.0.11+10-LTS)
# Java VM: OpenJDK 64-Bit Server VM Temurin-21.0.11+10 (21.0.11+10-LTS, mixed mode, sharing, tiered, compressed oops, compressed class ptrs, parallel gc, windows-amd64)
# No core dump will be written. Minidumps are not enabled by default on client versions of Windows
#

---------------  S U M M A R Y ------------

Command Line: --add-modules=ALL-SYSTEM --add-opens=java.base/java.util=ALL-UNNAMED --add-opens=java.base/java.lang=ALL-UNNAMED --add-opens=java.base/sun.nio.fs=ALL-UNNAMED -Declipse.application=org.eclipse.jdt.ls.core.id1 -Dosgi.bundles.defaultStartLevel=4 -Declipse.product=org.eclipse.jdt.ls.core.product -Djava.import.generatesMetadataFilesAtProjectRoot=false -DDetectVMInstallationsJob.disabled=true -Dfile.encoding=utf8 -XX:+UseParallelGC -XX:GCTimeRatio=4 -XX:AdaptiveSizePolicyWeight=90 -Dsun.zip.disableMemoryMapping=true -Xmx2G -Xms100m -Xlog:disable -javaagent:c:\Users\bo631\.vscode\extensions\redhat.java-1.55.0-win32-x64\lombok\lombok-1.18.39-4050.jar c:\Users\bo631\.vscode\extensions\redhat.java-1.55.0-win32-x64\server\plugins\org.eclipse.equinox.launcher_1.7.200.v20260619-2039.jar -configuration c:\Users\bo631\AppData\Roaming\Code\User\globalStorage\redhat.java\1.55.0\config_ss_win -data c:\Users\bo631\AppData\Roaming\Code\User\workspaceStorage\4f212c1ec8805ed8a21d67ff6a3195fa\redhat.java\ss_ws --pipe=\\.\pipe\lsp-9f86478508696b658cb032ce05d7b960-sock

Host: AMD Ryzen 5 5500U with Radeon Graphics         , 12 cores, 5G,  Windows 11 , 64 bit Build 26100 (10.0.26100.8521)
Time: Mon Jun 29 21:28:18 2026 Hora oficial do Brasil elapsed time: 20.818323 seconds (0d 0h 0m 20s)

---------------  T H R E A D  ---------------

Current thread (0x000002637e129e20):  JavaThread "C2 CompilerThread1" daemon [_thread_in_native, id=22900, stack(0x000000b389d00000,0x000000b389e00000) (1024K)]


Current CompileTask:
C2:20818 2236       4       org.apache.felix.resolver.PackageSpaces::mergeUses (494 bytes)

Stack: [0x000000b389d00000,0x000000b389e00000]
Native frames: (J=compiled Java code, j=interpreted, Vv=VM code, C=native code)
V  [jvm.dll+0x6d7e19]
V  [jvm.dll+0x8b5096]
V  [jvm.dll+0x8b764e]
V  [jvm.dll+0x8b7d33]
V  [jvm.dll+0x284596]
V  [jvm.dll+0xc685d]
V  [jvm.dll+0xc6da1]
V  [jvm.dll+0x3bed31]
V  [jvm.dll+0x1e3f42]
V  [jvm.dll+0x24c853]
V  [jvm.dll+0x24bce0]
V  [jvm.dll+0x1cb4ae]
V  [jvm.dll+0x25baad]
V  [jvm.dll+0x25a03a]
V  [jvm.dll+0x3f868e]
V  [jvm.dll+0x85fb0d]
V  [jvm.dll+0x6d664d]
C  [ucrtbase.dll+0x2cd30]
C  [KERNEL32.DLL+0x2e957]
C  [ntdll.dll+0x87c1c]


---------------  P R O C E S S  ---------------

Threads class SMR info:
_java_thread_list=0x000002637e631100, length=29, elements={
0x00000263611cff60, 0x00000263611591d0, 0x000002636115d520, 0x0000026361163b80,
0x00000263611645e0, 0x000002636116a5c0, 0x000002636116bde0, 0x0000026378eef670,
0x0000026378f1b8b0, 0x00000263790d93c0, 0x00000263790da770, 0x00000263790dbb20,
0x00000263790dc1b0, 0x00000263790d8d30, 0x00000263790d9a50, 0x000002637e129e20,
0x00000263790da0e0, 0x00000263790dae00, 0x00000263790db490, 0x000002637ea1a3f0,
0x000002637ea1aa80, 0x000002637ea1b110, 0x000002637ea1c4c0, 0x000002637ea1b7a0,
0x000002637ea1be30, 0x000002637ea1cb50, 0x000002637ea1d1e0, 0x000002637ea19d60,
0x000002637ea1d870
}

Java Threads: ( => current thread )
  0x00000263611cff60 JavaThread "main"                              [_thread_blocked, id=21676, stack(0x000000b388500000,0x000000b388600000) (1024K)]
  0x00000263611591d0 JavaThread "Reference Handler"          daemon [_thread_blocked, id=21032, stack(0x000000b388900000,0x000000b388a00000) (1024K)]
  0x000002636115d520 JavaThread "Finalizer"                  daemon [_thread_blocked, id=32096, stack(0x000000b388a00000,0x000000b388b00000) (1024K)]
  0x0000026361163b80 JavaThread "Signal Dispatcher"          daemon [_thread_blocked, id=7676, stack(0x000000b388b00000,0x000000b388c00000) (1024K)]
  0x00000263611645e0 JavaThread "Attach Listener"            daemon [_thread_blocked, id=25648, stack(0x000000b388c00000,0x000000b388d00000) (1024K)]
  0x000002636116a5c0 JavaThread "Service Thread"             daemon [_thread_blocked, id=30024, stack(0x000000b388d00000,0x000000b388e00000) (1024K)]
  0x000002636116bde0 JavaThread "Monitor Deflation Thread"   daemon [_thread_blocked, id=30372, stack(0x000000b388e00000,0x000000b388f00000) (1024K)]
  0x0000026378eef670 JavaThread "C2 CompilerThread0"         daemon [_thread_blocked, id=31240, stack(0x000000b388f00000,0x000000b389000000) (1024K)]
  0x0000026378f1b8b0 JavaThread "C1 CompilerThread0"         daemon [_thread_blocked, id=29024, stack(0x000000b389000000,0x000000b389100000) (1024K)]
  0x00000263790d93c0 JavaThread "Common-Cleaner"             daemon [_thread_blocked, id=6592, stack(0x000000b389100000,0x000000b389200000) (1024K)]
  0x00000263790da770 JavaThread "Notification Thread"        daemon [_thread_blocked, id=30152, stack(0x000000b389200000,0x000000b389300000) (1024K)]
  0x00000263790dbb20 JavaThread "Active Thread: Equinox Container: a42fc3fe-ac26-4bf0-b41b-4b2dea07eb44"        [_thread_blocked, id=28428, stack(0x000000b389f00000,0x000000b38a000000) (1024K)]
  0x00000263790dc1b0 JavaThread "Framework Event Dispatcher: Equinox Container: a42fc3fe-ac26-4bf0-b41b-4b2dea07eb44" daemon [_thread_blocked, id=31496, stack(0x000000b389900000,0x000000b389a00000) (1024K)]
  0x00000263790d8d30 JavaThread "Start Level: Equinox Container: a42fc3fe-ac26-4bf0-b41b-4b2dea07eb44" daemon [_thread_in_Java, id=32188, stack(0x000000b389a00000,0x000000b389b00000) (1024K)]
  0x00000263790d9a50 JavaThread "Refresh Thread: Equinox Container: a42fc3fe-ac26-4bf0-b41b-4b2dea07eb44" daemon [_thread_blocked, id=22340, stack(0x000000b389c00000,0x000000b389d00000) (1024K)]
=>0x000002637e129e20 JavaThread "C2 CompilerThread1"         daemon [_thread_in_native, id=22900, stack(0x000000b389d00000,0x000000b389e00000) (1024K)]
  0x00000263790da0e0 JavaThread "Equinox resolver thread - Equinox Container: a42fc3fe-ac26-4bf0-b41b-4b2dea07eb44" daemon [_thread_blocked, id=29196, stack(0x000000b389e00000,0x000000b389f00000) (1024K)]
  0x00000263790dae00 JavaThread "Equinox resolver thread - Equinox Container: a42fc3fe-ac26-4bf0-b41b-4b2dea07eb44" daemon [_thread_blocked, id=30800, stack(0x000000b38a000000,0x000000b38a100000) (1024K)]
  0x00000263790db490 JavaThread "Equinox resolver thread - Equinox Container: a42fc3fe-ac26-4bf0-b41b-4b2dea07eb44" daemon [_thread_blocked, id=22820, stack(0x000000b38a100000,0x000000b38a200000) (1024K)]
  0x000002637ea1a3f0 JavaThread "Equinox resolver thread - Equinox Container: a42fc3fe-ac26-4bf0-b41b-4b2dea07eb44" daemon [_thread_blocked, id=9548, stack(0x000000b38a200000,0x000000b38a300000) (1024K)]
  0x000002637ea1aa80 JavaThread "Equinox resolver thread - Equinox Container: a42fc3fe-ac26-4bf0-b41b-4b2dea07eb44" daemon [_thread_blocked, id=20320, stack(0x000000b38a300000,0x000000b38a400000) (1024K)]
  0x000002637ea1b110 JavaThread "Equinox resolver thread - Equinox Container: a42fc3fe-ac26-4bf0-b41b-4b2dea07eb44" daemon [_thread_blocked, id=21892, stack(0x000000b38a400000,0x000000b38a500000) (1024K)]
  0x000002637ea1c4c0 JavaThread "Equinox resolver thread - Equinox Container: a42fc3fe-ac26-4bf0-b41b-4b2dea07eb44" daemon [_thread_blocked, id=23260, stack(0x000000b38a500000,0x000000b38a600000) (1024K)]
  0x000002637ea1b7a0 JavaThread "Equinox resolver thread - Equinox Container: a42fc3fe-ac26-4bf0-b41b-4b2dea07eb44" daemon [_thread_blocked, id=32560, stack(0x000000b38a600000,0x000000b38a700000) (1024K)]
  0x000002637ea1be30 JavaThread "Equinox resolver thread - Equinox Container: a42fc3fe-ac26-4bf0-b41b-4b2dea07eb44" daemon [_thread_blocked, id=30312, stack(0x000000b38a700000,0x000000b38a800000) (1024K)]
  0x000002637ea1cb50 JavaThread "Equinox resolver thread - Equinox Container: a42fc3fe-ac26-4bf0-b41b-4b2dea07eb44" daemon [_thread_blocked, id=4868, stack(0x000000b38a800000,0x000000b38a900000) (1024K)]
  0x000002637ea1d1e0 JavaThread "Equinox resolver thread - Equinox Container: a42fc3fe-ac26-4bf0-b41b-4b2dea07eb44" daemon [_thread_blocked, id=25360, stack(0x000000b38a900000,0x000000b38aa00000) (1024K)]
  0x000002637ea19d60 JavaThread "Equinox resolver thread - Equinox Container: a42fc3fe-ac26-4bf0-b41b-4b2dea07eb44" daemon [_thread_blocked, id=29732, stack(0x000000b38aa00000,0x000000b38ab00000) (1024K)]
  0x000002637ea1d870 JavaThread "SCR Component Actor"        daemon [_thread_blocked, id=23588, stack(0x000000b38ab00000,0x000000b38ac00000) (1024K)]
Total: 29

Other Threads:
  0x000002636126a560 VMThread "VM Thread"                           [id=28536, stack(0x000000b388800000,0x000000b388900000) (1024K)]
  0x000002636104ca00 WatcherThread "VM Periodic Task Thread"        [id=28696, stack(0x000000b388700000,0x000000b388800000) (1024K)]
  0x00000263611e65b0 WorkerThread "GC Thread#0"                     [id=27452, stack(0x000000b388600000,0x000000b388700000) (1024K)]
  0x000002637e0c5180 WorkerThread "GC Thread#1"                     [id=22980, stack(0x000000b389300000,0x000000b389400000) (1024K)]
  0x000002637e2bcdf0 WorkerThread "GC Thread#2"                     [id=29388, stack(0x000000b389400000,0x000000b389500000) (1024K)]
  0x000002637e33db80 WorkerThread "GC Thread#3"                     [id=11656, stack(0x000000b389500000,0x000000b389600000) (1024K)]
  0x0000026379164150 WorkerThread "GC Thread#4"                     [id=25272, stack(0x000000b389600000,0x000000b389700000) (1024K)]
  0x000002637e0c1d10 WorkerThread "GC Thread#5"                     [id=31580, stack(0x000000b389700000,0x000000b389800000) (1024K)]
  0x000002637e0c20c0 WorkerThread "GC Thread#6"                     [id=18340, stack(0x000000b389800000,0x000000b389900000) (1024K)]
  0x000002637e00bd00 WorkerThread "GC Thread#7"                     [id=23076, stack(0x000000b389b00000,0x000000b389c00000) (1024K)]
Total: 10

Threads with active compile tasks:
C2 CompilerThread0  20858 2508       4       jdk.internal.util.ReferencedKeyMap::removeStaleReferences (30 bytes)
C2 CompilerThread1  20858 2236       4       org.apache.felix.resolver.PackageSpaces::mergeUses (494 bytes)
Total: 2

VM state: not at safepoint (normal execution)

VM Mutex/Monitor currently owned by a thread: None

Heap address: 0x0000000080000000, size: 2048 MB, Compressed Oops mode: 32-bit

CDS archive(s) mapped at: [0x0000026300000000-0x0000026300ba0000-0x0000026300ba0000), size 12189696, SharedBaseAddress: 0x0000026300000000, ArchiveRelocationMode: 1.
Compressed class space mapped at: 0x0000026301000000-0x0000026341000000, reserved size: 1073741824
Narrow klass base: 0x0000026300000000, Narrow klass shift: 0, Narrow klass range: 0x100000000

GC Precious Log:
 CardTable entry size: 512
 CPUs: 12 total, 12 available
 Memory: 5989M
 Large Page Support: Disabled
 NUMA Support: Disabled
 Compressed Oops: Enabled (32-bit)
 Alignments: Space 512K, Generation 512K, Heap 2M
 Heap Min Capacity: 100M
 Heap Initial Capacity: 100M
 Heap Max Capacity: 2G
 Pre-touch: Disabled
 Parallel Workers: 10

Heap:
 PSYoungGen      total 29696K, used 21053K [0x00000000d5580000, 0x00000000d7680000, 0x0000000100000000)
  eden space 25600K, 66% used [0x00000000d5580000,0x00000000d66141a0,0x00000000d6e80000)
  from space 4096K, 99% used [0x00000000d6e80000,0x00000000d727b518,0x00000000d7280000)
  to   space 4096K, 0% used [0x00000000d7280000,0x00000000d7280000,0x00000000d7680000)
 ParOldGen       total 68608K, used 6429K [0x0000000080000000, 0x0000000084300000, 0x00000000d5580000)
  object space 68608K, 9% used [0x0000000080000000,0x0000000080647488,0x0000000084300000)
 Metaspace       used 11657K, committed 11968K, reserved 1114112K
  class space    used 1235K, committed 1408K, reserved 1048576K

Card table byte_map: [0x0000026360b60000,0x0000026360f70000] _byte_map_base: 0x0000026360760000

Marking Bits: (ParMarkBitMap*) 0x00007ff9d1154460
 Begin Bits: [0x0000026373670000, 0x0000026375670000)
 End Bits:   [0x0000026375670000, 0x0000026377670000)

Polling page: 0x000002635efb0000

Metaspace:

Usage:
  Non-class:     10.18 MB used.
      Class:      1.21 MB used.
       Both:     11.38 MB used.

Virtual space:
  Non-class space:       64.00 MB reserved,      10.31 MB ( 16%) committed,  1 nodes.
      Class space:        1.00 GB reserved,       1.38 MB ( <1%) committed,  1 nodes.
             Both:        1.06 GB reserved,      11.69 MB (  1%) committed. 

Chunk freelists:
   Non-Class:  5.27 MB
       Class:  14.64 MB
        Both:  19.91 MB

MaxMetaspaceSize: unlimited
CompressedClassSpaceSize: 1.00 GB
Initial GC threshold: 21.00 MB
Current GC threshold: 21.00 MB
CDS: on
 - commit_granule_bytes: 65536.
 - commit_granule_words: 8192.
 - virtual_space_node_default_size: 8388608.
 - enlarge_chunks_in_place: 1.
 - use_allocation_guard: 0.


Internal statistics:

num_allocs_failed_limit: 0.
num_arena_births: 250.
num_arena_deaths: 0.
num_vsnodes_births: 2.
num_vsnodes_deaths: 0.
num_space_committed: 187.
num_space_uncommitted: 0.
num_chunks_returned_to_freelist: 0.
num_chunks_taken_from_freelist: 564.
num_chunk_merges: 0.
num_chunk_splits: 371.
num_chunks_enlarged: 264.
num_inconsistent_stats: 0.

CodeHeap 'non-profiled nmethods': size=120000Kb used=1020Kb max_used=1020Kb free=118979Kb
 bounds [0x000002636be90000, 0x000002636c100000, 0x00000263733c0000]
CodeHeap 'profiled nmethods': size=120000Kb used=4949Kb max_used=4949Kb free=115050Kb
 bounds [0x00000263643c0000, 0x00000263648a0000, 0x000002636b8f0000]
CodeHeap 'non-nmethods': size=5760Kb used=1229Kb max_used=1243Kb free=4530Kb
 bounds [0x000002636b8f0000, 0x000002636bb60000, 0x000002636be90000]
CodeCache: size=245760Kb, used=7198Kb, max_used=7212Kb, free=238559Kb
 total_blobs=2997, nmethods=2505, adapters=398, full_count=0
Compilation: enabled, stopped_count=0, restarted_count=0

Compilation events (20 events):
Event: 19.768 Thread 0x0000026378eef670 2488       4       java.util.concurrent.locks.ReentrantLock$Sync::tryRelease (51 bytes)
Event: 19.769 Thread 0x0000026378eef670 nmethod 2488 0x000002636bf8d210 code [0x000002636bf8d3a0, 0x000002636bf8d478]
Event: 19.772 Thread 0x0000026378eef670 2489       4       java.lang.AbstractStringBuilder::<init> (63 bytes)
Event: 19.780 Thread 0x0000026378eef670 nmethod 2489 0x000002636bf8d510 code [0x000002636bf8d700, 0x000002636bf8df40]
Event: 19.783 Thread 0x0000026378eef670 2490       4       java.util.concurrent.locks.ReentrantLock::unlock (10 bytes)
Event: 19.785 Thread 0x0000026378eef670 nmethod 2490 0x000002636bf8e410 code [0x000002636bf8e5c0, 0x000002636bf8e738]
Event: 19.786 Thread 0x0000026378f1b8b0 2491       1       org.eclipse.osgi.container.ModuleWiring::getRevision (5 bytes)
Event: 19.787 Thread 0x0000026378f1b8b0 nmethod 2491 0x000002636bf8e910 code [0x000002636bf8eaa0, 0x000002636bf8eb68]
Event: 19.787 Thread 0x0000026378f1b8b0 2494   !   3       org.eclipse.osgi.internal.container.AtomicLazyInitializer::getInitialized (70 bytes)
Event: 19.787 Thread 0x0000026378f1b8b0 nmethod 2494 0x0000026364884b10 code [0x0000026364884d00, 0x0000026364885270]
Event: 19.787 Thread 0x0000026378f1b8b0 2492   !   3       org.eclipse.osgi.container.ModuleDatabase::getWiring (31 bytes)
Event: 19.788 Thread 0x0000026378f1b8b0 nmethod 2492 0x0000026364885510 code [0x0000026364885780, 0x00000263648860f0]
Event: 19.788 Thread 0x0000026378f1b8b0 2493       3       org.eclipse.osgi.container.ModuleRevision::getWiring (12 bytes)
Event: 19.789 Thread 0x0000026378f1b8b0 nmethod 2493 0x0000026364886590 code [0x0000026364886800, 0x0000026364887290]
Event: 19.798 Thread 0x0000026378f1b8b0 2495       3       org.eclipse.osgi.internal.framework.BundleContextImpl::checkValid (44 bytes)
Event: 19.799 Thread 0x0000026378f1b8b0 nmethod 2495 0x0000026364887810 code [0x0000026364887a80, 0x0000026364888430]
Event: 20.224 Thread 0x0000026378f1b8b0 2496       3       java.util.concurrent.Semaphore$NonfairSync::tryAcquireShared (6 bytes)
Event: 20.224 Thread 0x0000026378f1b8b0 nmethod 2496 0x0000026364888810 code [0x00000263648889c0, 0x0000026364888af8]
Event: 20.224 Thread 0x0000026378f1b8b0 2497       3       java.util.concurrent.Semaphore$Sync::nonfairTryAcquireShared (27 bytes)
Event: 20.224 Thread 0x0000026378f1b8b0 nmethod 2497 0x0000026364888b90 code [0x0000026364888d40, 0x0000026364888f90]

GC Heap History (6 events):
Event: 1.961 GC heap before
{Heap before GC invocations=1 (full 0):
 PSYoungGen      total 29696K, used 25600K [0x00000000d5580000, 0x00000000d7680000, 0x0000000100000000)
  eden space 25600K, 100% used [0x00000000d5580000,0x00000000d6e80000,0x00000000d6e80000)
  from space 4096K, 0% used [0x00000000d7280000,0x00000000d7280000,0x00000000d7680000)
  to   space 4096K, 0% used [0x00000000d6e80000,0x00000000d6e80000,0x00000000d7280000)
 ParOldGen       total 68608K, used 0K [0x0000000080000000, 0x0000000084300000, 0x00000000d5580000)
  object space 68608K, 0% used [0x0000000080000000,0x0000000080000000,0x0000000084300000)
 Metaspace       used 4509K, committed 4736K, reserved 1114112K
  class space    used 493K, committed 576K, reserved 1048576K
}
Event: 1.970 GC heap after
{Heap after GC invocations=1 (full 0):
 PSYoungGen      total 29696K, used 3319K [0x00000000d5580000, 0x00000000d7680000, 0x0000000100000000)
  eden space 25600K, 0% used [0x00000000d5580000,0x00000000d5580000,0x00000000d6e80000)
  from space 4096K, 81% used [0x00000000d6e80000,0x00000000d71bdea8,0x00000000d7280000)
  to   space 4096K, 0% used [0x00000000d7280000,0x00000000d7280000,0x00000000d7680000)
 ParOldGen       total 68608K, used 16K [0x0000000080000000, 0x0000000084300000, 0x00000000d5580000)
  object space 68608K, 0% used [0x0000000080000000,0x0000000080004000,0x0000000084300000)
 Metaspace       used 4509K, committed 4736K, reserved 1114112K
  class space    used 493K, committed 576K, reserved 1048576K
}
Event: 13.518 GC heap before
{Heap before GC invocations=2 (full 0):
 PSYoungGen      total 29696K, used 28766K [0x00000000d5580000, 0x00000000d7680000, 0x0000000100000000)
  eden space 25600K, 99% used [0x00000000d5580000,0x00000000d6e59c98,0x00000000d6e80000)
  from space 4096K, 81% used [0x00000000d6e80000,0x00000000d71bdea8,0x00000000d7280000)
  to   space 4096K, 0% used [0x00000000d7280000,0x00000000d7280000,0x00000000d7680000)
 ParOldGen       total 68608K, used 16K [0x0000000080000000, 0x0000000084300000, 0x00000000d5580000)
  object space 68608K, 0% used [0x0000000080000000,0x0000000080004000,0x0000000084300000)
 Metaspace       used 8373K, committed 8640K, reserved 1114112K
  class space    used 891K, committed 1024K, reserved 1048576K
}
Event: 13.524 GC heap after
{Heap after GC invocations=2 (full 0):
 PSYoungGen      total 29696K, used 4078K [0x00000000d5580000, 0x00000000d7680000, 0x0000000100000000)
  eden space 25600K, 0% used [0x00000000d5580000,0x00000000d5580000,0x00000000d6e80000)
  from space 4096K, 99% used [0x00000000d7280000,0x00000000d767b970,0x00000000d7680000)
  to   space 4096K, 0% used [0x00000000d6e80000,0x00000000d6e80000,0x00000000d7280000)
 ParOldGen       total 68608K, used 64K [0x0000000080000000, 0x0000000084300000, 0x00000000d5580000)
  object space 68608K, 0% used [0x0000000080000000,0x0000000080010000,0x0000000084300000)
 Metaspace       used 8373K, committed 8640K, reserved 1114112K
  class space    used 891K, committed 1024K, reserved 1048576K
}
Event: 18.343 GC heap before
{Heap before GC invocations=3 (full 0):
 PSYoungGen      total 29696K, used 29678K [0x00000000d5580000, 0x00000000d7680000, 0x0000000100000000)
  eden space 25600K, 100% used [0x00000000d5580000,0x00000000d6e80000,0x00000000d6e80000)
  from space 4096K, 99% used [0x00000000d7280000,0x00000000d767b970,0x00000000d7680000)
  to   space 4096K, 0% used [0x00000000d6e80000,0x00000000d6e80000,0x00000000d7280000)
 ParOldGen       total 68608K, used 64K [0x0000000080000000, 0x0000000084300000, 0x00000000d5580000)
  object space 68608K, 0% used [0x0000000080000000,0x0000000080010000,0x0000000084300000)
 Metaspace       used 8855K, committed 9152K, reserved 1114112K
  class space    used 924K, committed 1088K, reserved 1048576K
}
Event: 18.354 GC heap after
{Heap after GC invocations=3 (full 0):
 PSYoungGen      total 29696K, used 4077K [0x00000000d5580000, 0x00000000d7680000, 0x0000000100000000)
  eden space 25600K, 0% used [0x00000000d5580000,0x00000000d5580000,0x00000000d6e80000)
  from space 4096K, 99% used [0x00000000d6e80000,0x00000000d727b518,0x00000000d7280000)
  to   space 4096K, 0% used [0x00000000d7280000,0x00000000d7280000,0x00000000d7680000)
 ParOldGen       total 68608K, used 6429K [0x0000000080000000, 0x0000000084300000, 0x00000000d5580000)
  object space 68608K, 9% used [0x0000000080000000,0x0000000080647488,0x0000000084300000)
 Metaspace       used 8855K, committed 9152K, reserved 1114112K
  class space    used 924K, committed 1088K, reserved 1048576K
}

Dll operation events (9 events):
Event: 0.286 Loaded shared library c:\Users\bo631\.vscode\extensions\redhat.java-1.55.0-win32-x64\jre\21.0.11-win32-x86_64\bin\java.dll
Event: 0.530 Loaded shared library c:\Users\bo631\.vscode\extensions\redhat.java-1.55.0-win32-x64\jre\21.0.11-win32-x86_64\bin\zip.dll
Event: 0.569 Loaded shared library C:\Users\bo631\.vscode\extensions\redhat.java-1.55.0-win32-x64\jre\21.0.11-win32-x86_64\bin\instrument.dll
Event: 0.695 Loaded shared library C:\Users\bo631\.vscode\extensions\redhat.java-1.55.0-win32-x64\jre\21.0.11-win32-x86_64\bin\net.dll
Event: 0.766 Loaded shared library C:\Users\bo631\.vscode\extensions\redhat.java-1.55.0-win32-x64\jre\21.0.11-win32-x86_64\bin\nio.dll
Event: 0.772 Loaded shared library C:\Users\bo631\.vscode\extensions\redhat.java-1.55.0-win32-x64\jre\21.0.11-win32-x86_64\bin\zip.dll
Event: 0.804 Loaded shared library C:\Users\bo631\.vscode\extensions\redhat.java-1.55.0-win32-x64\jre\21.0.11-win32-x86_64\bin\jimage.dll
Event: 0.972 Loaded shared library c:\Users\bo631\.vscode\extensions\redhat.java-1.55.0-win32-x64\jre\21.0.11-win32-x86_64\bin\verify.dll
Event: 18.282 Loaded shared library C:\Users\bo631\AppData\Roaming\Code\User\globalStorage\redhat.java\1.55.0\config_ss_win\org.eclipse.equinox.launcher\org.eclipse.equinox.launcher.win32.win32.x86_64_1.3.100.v20260613-0559\eclipse_11924.dll

Deoptimization events (20 events):
Event: 19.406 Thread 0x00000263790d9a50 DEOPT PACKING pc=0x000002636453e088 sp=0x000000b389cfca10
Event: 19.406 Thread 0x00000263790d9a50 DEOPT UNPACKING pc=0x000002636b944242 sp=0x000000b389cfbe90 mode 0
Event: 19.407 Thread 0x00000263790d9a50 DEOPT PACKING pc=0x000002636453e088 sp=0x000000b389cfcd20
Event: 19.407 Thread 0x00000263790d9a50 DEOPT UNPACKING pc=0x000002636b944242 sp=0x000000b389cfc1a0 mode 0
Event: 19.460 Thread 0x00000263790d8d30 Uncommon trap: trap_request=0xffffff6e fr.pc=0x000002636bf00328 relative=0x0000000000000368
Event: 19.460 Thread 0x00000263790d8d30 Uncommon trap: reason=loop_limit_check action=maybe_recompile pc=0x000002636bf00328 method=java.lang.StringLatin1.indexOf([BI[BII)I @ 37 c2
Event: 19.460 Thread 0x00000263790d8d30 DEOPT PACKING pc=0x000002636bf00328 sp=0x000000b389af8d40
Event: 19.460 Thread 0x00000263790d8d30 DEOPT UNPACKING pc=0x000002636b943aa2 sp=0x000000b389af8ca0 mode 2
Event: 19.568 Thread 0x00000263790d8d30 Uncommon trap: trap_request=0xffffffde fr.pc=0x000002636bf60418 relative=0x0000000000000078
Event: 19.568 Thread 0x00000263790d8d30 Uncommon trap: reason=class_check action=maybe_recompile pc=0x000002636bf60418 method=java.util.Collections$3.hasMoreElements()Z @ 4 c2
Event: 19.568 Thread 0x00000263790d8d30 DEOPT PACKING pc=0x000002636bf60418 sp=0x000000b389afe560
Event: 19.568 Thread 0x00000263790d8d30 DEOPT UNPACKING pc=0x000002636b943aa2 sp=0x000000b389afe4f0 mode 2
Event: 19.568 Thread 0x00000263790d8d30 Uncommon trap: trap_request=0xffffffde fr.pc=0x000002636bf60418 relative=0x0000000000000078
Event: 19.568 Thread 0x00000263790d8d30 Uncommon trap: reason=class_check action=maybe_recompile pc=0x000002636bf60418 method=java.util.Collections$3.hasMoreElements()Z @ 4 c2
Event: 19.568 Thread 0x00000263790d8d30 DEOPT PACKING pc=0x000002636bf60418 sp=0x000000b389afe560
Event: 19.568 Thread 0x00000263790d8d30 DEOPT UNPACKING pc=0x000002636b943aa2 sp=0x000000b389afe4f0 mode 2
Event: 19.799 Thread 0x00000263790d8d30 Uncommon trap: trap_request=0xffffff45 fr.pc=0x000002636bf34afc relative=0x00000000000013fc
Event: 19.799 Thread 0x00000263790d8d30 Uncommon trap: reason=unstable_if action=reinterpret pc=0x000002636bf34afc method=java.io.WinNTFileSystem.normalize(Ljava/lang/String;II)Ljava/lang/String; @ 100 c2
Event: 19.799 Thread 0x00000263790d8d30 DEOPT PACKING pc=0x000002636bf34afc sp=0x000000b389af8fc0
Event: 19.799 Thread 0x00000263790d8d30 DEOPT UNPACKING pc=0x000002636b943aa2 sp=0x000000b389af8f00 mode 2

Classes loaded (20 events):
Event: 19.653 Loading class com/sun/org/apache/xerces/internal/parsers/AbstractSAXParser$LocatorProxy
Event: 19.653 Loading class org/xml/sax/ext/Locator2
Event: 19.653 Loading class org/xml/sax/Locator
Event: 19.653 Loading class org/xml/sax/Locator done
Event: 19.653 Loading class org/xml/sax/ext/Locator2 done
Event: 19.653 Loading class com/sun/org/apache/xerces/internal/parsers/AbstractSAXParser$LocatorProxy done
Event: 19.653 Loading class com/sun/org/apache/xerces/internal/impl/XMLScanner$NameType
Event: 19.654 Loading class com/sun/org/apache/xerces/internal/impl/XMLScanner$NameType done
Event: 19.654 Loading class com/sun/org/apache/xerces/internal/impl/Constants
Event: 19.655 Loading class com/sun/org/apache/xerces/internal/impl/Constants done
Event: 19.655 Loading class com/sun/org/apache/xerces/internal/impl/Constants$ArrayEnumeration
Event: 19.655 Loading class com/sun/org/apache/xerces/internal/impl/Constants$ArrayEnumeration done
Event: 19.669 Loading class com/sun/org/apache/xerces/internal/impl/io/MalformedByteSequenceException
Event: 19.670 Loading class java/io/CharConversionException
Event: 19.670 Loading class java/io/CharConversionException done
Event: 19.670 Loading class com/sun/org/apache/xerces/internal/impl/io/MalformedByteSequenceException done
Event: 19.693 Loading class java/util/concurrent/CompletionStage
Event: 19.694 Loading class java/util/concurrent/CompletionStage done
Event: 19.726 Loading class java/util/concurrent/locks/ReentrantLock$FairSync
Event: 19.727 Loading class java/util/concurrent/locks/ReentrantLock$FairSync done

Classes unloaded (0 events):
No events

Classes redefined (0 events):
No events

Internal exceptions (20 events):
Event: 1.985 Thread 0x00000263611cff60 Exception <a 'java/lang/ClassNotFoundException'{0x00000000d55d1d48}: sun/net/www/protocol/c/Handler> (0x00000000d55d1d48) 
thrown [s\src\hotspot\share\classfile\systemDictionary.cpp, line 313]
Event: 1.999 Thread 0x00000263611cff60 Exception <a 'java/io/FileNotFoundException'{0x00000000d55f99a8}> (0x00000000d55f99a8) 
thrown [s\src\hotspot\share\prims\jni.cpp, line 520]
Event: 2.062 Thread 0x00000263611cff60 Implicit null exception at 0x000002636beee3c9 to 0x000002636beeed40
Event: 2.062 Thread 0x00000263611cff60 Implicit null exception at 0x000002636befe91a to 0x000002636befeb20
Event: 2.063 Thread 0x00000263611cff60 Exception <a 'java/lang/NoSuchMethodError'{0x00000000d572d5f8}: 'void java.lang.invoke.DirectMethodHandle$Holder.invokeStatic(java.lang.Object, java.lang.Object, java.lang.Object, java.lang.Object)'> (0x00000000d572d5f8) 
thrown [s\src\hotspot\share\interpreter\linkResolver.cpp, line 773]
Event: 2.065 Thread 0x00000263611cff60 Implicit null exception at 0x000002636beed91a to 0x000002636beedb24
Event: 2.065 Thread 0x00000263611cff60 Implicit null exception at 0x000002636beeb8bd to 0x000002636beeb941
Event: 2.317 Thread 0x00000263611cff60 Exception <a 'java/lang/NoSuchMethodError'{0x00000000d5b70568}: 'int java.lang.invoke.DirectMethodHandle$Holder.invokeVirtual(java.lang.Object, java.lang.Object)'> (0x00000000d5b70568) 
thrown [s\src\hotspot\share\interpreter\linkResolver.cpp, line 773]
Event: 2.632 Thread 0x00000263611cff60 Exception <a 'java/lang/IncompatibleClassChangeError'{0x00000000d659b838}: Found class java.lang.Object, but interface was expected> (0x00000000d659b838) 
thrown [s\src\hotspot\share\interpreter\linkResolver.cpp, line 840]
Event: 2.633 Thread 0x00000263611cff60 Exception <a 'java/lang/NoSuchMethodError'{0x00000000d65a4478}: 'void java.lang.invoke.DirectMethodHandle$Holder.invokeInterface(java.lang.Object, java.lang.Object, java.lang.Object)'> (0x00000000d65a4478) 
thrown [s\src\hotspot\share\interpreter\linkResolver.cpp, line 773]
Event: 2.675 Thread 0x00000263611cff60 Exception <a 'java/lang/NoSuchMethodError'{0x00000000d67c7db8}: 'int java.lang.invoke.DirectMethodHandle$Holder.invokeStaticInit(java.lang.Object, java.lang.Object, java.lang.Object, java.lang.Object)'> (0x00000000d67c7db8) 
thrown [s\src\hotspot\share\interpreter\linkResolver.cpp, line 773]
Event: 2.678 Thread 0x00000263611cff60 Exception <a 'java/lang/NoSuchMethodError'{0x00000000d67d2668}: 'void java.lang.invoke.DirectMethodHandle$Holder.invokeStaticInit(java.lang.Object, java.lang.Object)'> (0x00000000d67d2668) 
thrown [s\src\hotspot\share\interpreter\linkResolver.cpp, line 773]
Event: 2.680 Thread 0x00000263611cff60 Exception <a 'java/lang/NoSuchMethodError'{0x00000000d67d8ba8}: 'int java.lang.invoke.DirectMethodHandle$Holder.invokeStaticInit(java.lang.Object, java.lang.Object)'> (0x00000000d67d8ba8) 
thrown [s\src\hotspot\share\interpreter\linkResolver.cpp, line 773]
Event: 2.737 Thread 0x00000263611cff60 Exception <a 'java/lang/NoSuchMethodError'{0x00000000d69c18c8}: 'java.lang.Object java.lang.invoke.DirectMethodHandle$Holder.newInvokeSpecial(java.lang.Object, int, java.lang.Object)'> (0x00000000d69c18c8) 
thrown [s\src\hotspot\share\interpreter\linkResolver.cpp, line 773]
Event: 2.841 Thread 0x00000263611cff60 Exception <a 'java/lang/ClassNotFoundException'{0x00000000d6b46b78}: sun/net/www/protocol/plurl/Handler> (0x00000000d6b46b78) 
thrown [s\src\hotspot\share\classfile\systemDictionary.cpp, line 313]
Event: 2.841 Thread 0x00000263611cff60 Exception <a 'java/lang/ClassNotFoundException'{0x00000000d6b479f8}: sun/net/www/protocol/plurl/Handler> (0x00000000d6b479f8) 
thrown [s\src\hotspot\share\classfile\systemDictionary.cpp, line 313]
Event: 2.859 Thread 0x00000263611cff60 Exception <a 'java/lang/NoSuchMethodError'{0x00000000d6b87dc0}: 'void java.lang.invoke.DirectMethodHandle$Holder.invokeSpecial(java.lang.Object, java.lang.Object, java.lang.Object)'> (0x00000000d6b87dc0) 
thrown [s\src\hotspot\share\interpreter\linkResolver.cpp, line 773]
Event: 16.930 Thread 0x00000263611cff60 Exception <a 'java/lang/UnsatisfiedLinkError'{0x00000000d6517280}: 'void org.eclipse.equinox.launcher.JNIBridge._update_splash()'> (0x00000000d6517280) 
thrown [s\src\hotspot\share\prims\nativeLookup.cpp, line 415]
Event: 19.566 Thread 0x00000263790d8d30 Exception <a 'java/lang/NullPointerException'{0x00000000d5ce4f40}> (0x00000000d5ce4f40) 
thrown [s\src\hotspot\share\interpreter\linkResolver.cpp, line 1372]
Event: 19.566 Thread 0x00000263790d8d30 Exception <a 'java/lang/NullPointerException'{0x00000000d5ce5220}> (0x00000000d5ce5220) 
thrown [s\src\hotspot\share\interpreter\linkResolver.cpp, line 1372]

ZGC Phase Switch (0 events):
No events

VM Operations (20 events):
Event: 14.531 Executing safepoint VM operation: Cleanup
Event: 14.531 Executing safepoint VM operation: Cleanup done
Event: 15.537 Executing safepoint VM operation: Cleanup
Event: 15.537 Executing safepoint VM operation: Cleanup done
Event: 16.543 Executing safepoint VM operation: Cleanup
Event: 16.543 Executing safepoint VM operation: Cleanup done
Event: 16.936 Executing non-safepoint VM operation: HandshakeAllThreads (Deoptimize)
Event: 16.936 Executing non-safepoint VM operation: HandshakeAllThreads (Deoptimize) done
Event: 17.014 Executing non-safepoint VM operation: HandshakeAllThreads (Deoptimize)
Event: 18.292 Executing non-safepoint VM operation: HandshakeAllThreads (Deoptimize) done
Event: 18.292 Executing safepoint VM operation: Cleanup
Event: 18.292 Executing safepoint VM operation: Cleanup done
Event: 18.343 Executing safepoint VM operation: ParallelGCFailedAllocation (Allocation Failure)
Event: 18.354 Executing safepoint VM operation: ParallelGCFailedAllocation (Allocation Failure) done
Event: 19.728 Executing non-safepoint VM operation: HandshakeAllThreads (Deoptimize)
Event: 19.728 Executing non-safepoint VM operation: HandshakeAllThreads (Deoptimize) done
Event: 19.728 Executing safepoint VM operation: Cleanup
Event: 19.729 Executing safepoint VM operation: Cleanup done
Event: 20.736 Executing safepoint VM operation: Cleanup
Event: 20.736 Executing safepoint VM operation: Cleanup done

Memory protections (0 events):
No events

Nmethod flushes (0 events):
No events

Events (20 events):
Event: 12.657 Thread 0x00000263790da0e0 Thread exited: 0x00000263790da0e0
Event: 12.657 Thread 0x00000263790d9a50 Thread exited: 0x00000263790d9a50
Event: 12.657 Thread 0x00000263790d8d30 Thread exited: 0x00000263790d8d30
Event: 13.338 Thread 0x00000263611cff60 Thread added: 0x00000263790dc1b0
Event: 13.489 Thread 0x00000263611cff60 Thread added: 0x00000263790d8d30
Event: 16.921 Thread 0x00000263611cff60 Thread added: 0x00000263790d9a50
Event: 17.007 Thread 0x0000026378f1b8b0 Thread added: 0x000002637e129e20
Event: 18.303 Thread 0x00000263790d9a50 Thread added: 0x00000263790da0e0
Event: 18.303 Thread 0x00000263790d9a50 Thread added: 0x00000263790dae00
Event: 18.304 Thread 0x00000263790d9a50 Thread added: 0x00000263790db490
Event: 18.304 Thread 0x00000263790d9a50 Thread added: 0x000002637ea1a3f0
Event: 18.304 Thread 0x00000263790d9a50 Thread added: 0x000002637ea1aa80
Event: 18.304 Thread 0x00000263790d9a50 Thread added: 0x000002637ea1b110
Event: 18.304 Thread 0x00000263790dae00 Thread added: 0x000002637ea1c4c0
Event: 18.304 Thread 0x00000263790da0e0 Thread added: 0x000002637ea1b7a0
Event: 18.304 Thread 0x00000263790d9a50 Thread added: 0x000002637ea1be30
Event: 18.304 Thread 0x000002637ea1aa80 Thread added: 0x000002637ea1cb50
Event: 18.305 Thread 0x000002637ea1b110 Thread added: 0x000002637ea1d1e0
Event: 18.305 Thread 0x00000263790d9a50 Thread added: 0x000002637ea19d60
Event: 19.495 Thread 0x00000263790d8d30 Thread added: 0x000002637ea1d870


Dynamic libraries:
0x00007ff721d90000 - 0x00007ff721d9e000 	c:\Users\bo631\.vscode\extensions\redhat.java-1.55.0-win32-x64\jre\21.0.11-win32-x86_64\bin\java.exe
0x00007ffafe060000 - 0x00007ffafe2c6000 	C:\WINDOWS\SYSTEM32\ntdll.dll
0x00007ffafc930000 - 0x00007ffafc9f9000 	C:\WINDOWS\System32\KERNEL32.DLL
0x00007ffafb850000 - 0x00007ffafbc4a000 	C:\WINDOWS\System32\KERNELBASE.dll
0x00007ffaf82a0000 - 0x00007ffaf8340000 	C:\WINDOWS\SYSTEM32\apphelp.dll
0x00007ffafb430000 - 0x00007ffafb57c000 	C:\WINDOWS\System32\ucrtbase.dll
0x00007ffaceb70000 - 0x00007ffaceb8e000 	c:\Users\bo631\.vscode\extensions\redhat.java-1.55.0-win32-x64\jre\21.0.11-win32-x86_64\bin\VCRUNTIME140.dll
0x00007ffaa4300000 - 0x00007ffaa4318000 	c:\Users\bo631\.vscode\extensions\redhat.java-1.55.0-win32-x64\jre\21.0.11-win32-x86_64\bin\jli.dll
0x00007ffafd960000 - 0x00007ffafdb27000 	C:\WINDOWS\System32\USER32.dll
0x00007ffafb770000 - 0x00007ffafb797000 	C:\WINDOWS\System32\win32u.dll
0x00007ffafcf20000 - 0x00007ffafcf4b000 	C:\WINDOWS\System32\GDI32.dll
0x00007ffafb640000 - 0x00007ffafb76b000 	C:\WINDOWS\System32\gdi32full.dll
0x00007ffafb380000 - 0x00007ffafb423000 	C:\WINDOWS\System32\msvcp_win.dll
0x00007ffae4b00000 - 0x00007ffae4d92000 	C:\WINDOWS\WinSxS\amd64_microsoft.windows.common-controls_6595b64144ccf1df_6.0.26100.8521_none_3e08b75ce33403b3\COMCTL32.dll
0x00007ffafbe20000 - 0x00007ffafbec9000 	C:\WINDOWS\System32\msvcrt.dll
0x00007ffafcac0000 - 0x00007ffafcaf2000 	C:\WINDOWS\System32\IMM32.DLL
0x00007ffad2780000 - 0x00007ffad278c000 	c:\Users\bo631\.vscode\extensions\redhat.java-1.55.0-win32-x64\jre\21.0.11-win32-x86_64\bin\vcruntime140_1.dll
0x00007ff9fedc0000 - 0x00007ff9fee4d000 	c:\Users\bo631\.vscode\extensions\redhat.java-1.55.0-win32-x64\jre\21.0.11-win32-x86_64\bin\msvcp140.dll
0x00007ff9d0490000 - 0x00007ff9d1232000 	c:\Users\bo631\.vscode\extensions\redhat.java-1.55.0-win32-x64\jre\21.0.11-win32-x86_64\bin\server\jvm.dll
0x00007ffafdf20000 - 0x00007ffafdfd6000 	C:\WINDOWS\System32\ADVAPI32.dll
0x00007ffafcdf0000 - 0x00007ffafce9a000 	C:\WINDOWS\System32\sechost.dll
0x00007ffafdb90000 - 0x00007ffafdca8000 	C:\WINDOWS\System32\RPCRT4.dll
0x00007ffafbed0000 - 0x00007ffafbf50000 	C:\WINDOWS\System32\WS2_32.dll
0x00007ffafb150000 - 0x00007ffafb1ae000 	C:\WINDOWS\SYSTEM32\POWRPROF.dll
0x00007ffaf1dd0000 - 0x00007ffaf1e06000 	C:\WINDOWS\SYSTEM32\WINMM.dll
0x00007ffaf1e10000 - 0x00007ffaf1e1b000 	C:\WINDOWS\SYSTEM32\VERSION.dll
0x00007ffafb130000 - 0x00007ffafb144000 	C:\WINDOWS\SYSTEM32\UMPDC.dll
0x00007ffafa080000 - 0x00007ffafa09b000 	C:\WINDOWS\SYSTEM32\kernel.appcore.dll
0x00007ffacde70000 - 0x00007ffacde7a000 	c:\Users\bo631\.vscode\extensions\redhat.java-1.55.0-win32-x64\jre\21.0.11-win32-x86_64\bin\jimage.dll
0x00007ffaf12b0000 - 0x00007ffaf14f2000 	C:\WINDOWS\SYSTEM32\DBGHELP.DLL
0x00007ffafbf60000 - 0x00007ffafc2e3000 	C:\WINDOWS\System32\combase.dll
0x00007ffafcca0000 - 0x00007ffafcd79000 	C:\WINDOWS\System32\OLEAUT32.dll
0x00007ffae9cc0000 - 0x00007ffae9cfb000 	C:\WINDOWS\SYSTEM32\dbgcore.DLL
0x00007ffafb7a0000 - 0x00007ffafb848000 	C:\WINDOWS\System32\bcryptPrimitives.dll
0x00007ffaa6fe0000 - 0x00007ffaa6fef000 	c:\Users\bo631\.vscode\extensions\redhat.java-1.55.0-win32-x64\jre\21.0.11-win32-x86_64\bin\instrument.dll
0x00007ffaa3ad0000 - 0x00007ffaa3af0000 	c:\Users\bo631\.vscode\extensions\redhat.java-1.55.0-win32-x64\jre\21.0.11-win32-x86_64\bin\java.dll
0x00007ffafd0d0000 - 0x00007ffafd854000 	C:\WINDOWS\System32\SHELL32.dll
0x00007ffaf8ea0000 - 0x00007ffaf9720000 	C:\WINDOWS\SYSTEM32\windows.storage.dll
0x00007ffafcfd0000 - 0x00007ffafd0c6000 	C:\WINDOWS\System32\SHCORE.dll
0x00007ffafcd80000 - 0x00007ffafcde7000 	C:\WINDOWS\System32\shlwapi.dll
0x00007ffafb210000 - 0x00007ffafb239000 	C:\WINDOWS\SYSTEM32\profapi.dll
0x00007ffaa3ab0000 - 0x00007ffaa3ac8000 	c:\Users\bo631\.vscode\extensions\redhat.java-1.55.0-win32-x64\jre\21.0.11-win32-x86_64\bin\zip.dll
0x00007ffaa4750000 - 0x00007ffaa4760000 	C:\Users\bo631\.vscode\extensions\redhat.java-1.55.0-win32-x64\jre\21.0.11-win32-x86_64\bin\net.dll
0x00007ffaf2ce0000 - 0x00007ffaf2e09000 	C:\WINDOWS\SYSTEM32\WINHTTP.dll
0x00007ffafa5f0000 - 0x00007ffafa65c000 	C:\WINDOWS\system32\mswsock.dll
0x00007ffaa35f0000 - 0x00007ffaa3606000 	C:\Users\bo631\.vscode\extensions\redhat.java-1.55.0-win32-x64\jre\21.0.11-win32-x86_64\bin\nio.dll
0x00007ffaa4560000 - 0x00007ffaa4570000 	c:\Users\bo631\.vscode\extensions\redhat.java-1.55.0-win32-x64\jre\21.0.11-win32-x86_64\bin\verify.dll
0x00007ff9eb840000 - 0x00007ff9eb885000 	C:\Users\bo631\AppData\Roaming\Code\User\globalStorage\redhat.java\1.55.0\config_ss_win\org.eclipse.equinox.launcher\org.eclipse.equinox.launcher.win32.win32.x86_64_1.3.100.v20260613-0559\eclipse_11924.dll
0x00007ffafc2f0000 - 0x00007ffafc488000 	C:\WINDOWS\System32\ole32.dll

JVMTI agents:
c:\Users\bo631\.vscode\extensions\redhat.java-1.55.0-win32-x64\lombok\lombok-1.18.39-4050.jar path:c:\Users\bo631\.vscode\extensions\redhat.java-1.55.0-win32-x64\jre\21.0.11-win32-x86_64\bin\instrument.dll, loaded, initialized, instrumentlib options:none

dbghelp: loaded successfully - version: 4.0.5 - missing functions: none
symbol engine: initialized successfully - sym options: 0x614 - pdb path: .;c:\Users\bo631\.vscode\extensions\redhat.java-1.55.0-win32-x64\jre\21.0.11-win32-x86_64\bin;C:\WINDOWS\SYSTEM32;C:\WINDOWS\WinSxS\amd64_microsoft.windows.common-controls_6595b64144ccf1df_6.0.26100.8521_none_3e08b75ce33403b3;c:\Users\bo631\.vscode\extensions\redhat.java-1.55.0-win32-x64\jre\21.0.11-win32-x86_64\bin\server;C:\Users\bo631\AppData\Roaming\Code\User\globalStorage\redhat.java\1.55.0\config_ss_win\org.eclipse.equinox.launcher\org.eclipse.equinox.launcher.win32.win32.x86_64_1.3.100.v20260613-0559

VM Arguments:
jvm_args: --add-modules=ALL-SYSTEM --add-opens=java.base/java.util=ALL-UNNAMED --add-opens=java.base/java.lang=ALL-UNNAMED --add-opens=java.base/sun.nio.fs=ALL-UNNAMED -Declipse.application=org.eclipse.jdt.ls.core.id1 -Dosgi.bundles.defaultStartLevel=4 -Declipse.product=org.eclipse.jdt.ls.core.product -Djava.import.generatesMetadataFilesAtProjectRoot=false -DDetectVMInstallationsJob.disabled=true -Dfile.encoding=utf8 -XX:+UseParallelGC -XX:GCTimeRatio=4 -XX:AdaptiveSizePolicyWeight=90 -Dsun.zip.disableMemoryMapping=true -Xmx2G -Xms100m -Xlog:disable -javaagent:c:\Users\bo631\.vscode\extensions\redhat.java-1.55.0-win32-x64\lombok\lombok-1.18.39-4050.jar 
java_command: c:\Users\bo631\.vscode\extensions\redhat.java-1.55.0-win32-x64\server\plugins\org.eclipse.equinox.launcher_1.7.200.v20260619-2039.jar -configuration c:\Users\bo631\AppData\Roaming\Code\User\globalStorage\redhat.java\1.55.0\config_ss_win -data c:\Users\bo631\AppData\Roaming\Code\User\workspaceStorage\4f212c1ec8805ed8a21d67ff6a3195fa\redhat.java\ss_ws --pipe=\\.\pipe\lsp-9f86478508696b658cb032ce05d7b960-sock
java_class_path (initial): c:\Users\bo631\.vscode\extensions\redhat.java-1.55.0-win32-x64\server\plugins\org.eclipse.equinox.launcher_1.7.200.v20260619-2039.jar
Launcher Type: SUN_STANDARD

[Global flags]
    uintx AdaptiveSizePolicyWeight                 = 90                                        {product} {command line}
     intx CICompilerCount                          = 4                                         {product} {ergonomic}
    uintx GCTimeRatio                              = 4                                         {product} {command line}
   size_t InitialHeapSize                          = 104857600                                 {product} {command line}
   size_t MaxHeapSize                              = 2147483648                                {product} {command line}
   size_t MaxNewSize                               = 715653120                                 {product} {ergonomic}
   size_t MinHeapDeltaBytes                        = 524288                                    {product} {ergonomic}
   size_t MinHeapSize                              = 104857600                                 {product} {command line}
   size_t NewSize                                  = 34603008                                  {product} {ergonomic}
    uintx NonNMethodCodeHeapSize                   = 5839372                                {pd product} {ergonomic}
    uintx NonProfiledCodeHeapSize                  = 122909434                              {pd product} {ergonomic}
   size_t OldSize                                  = 70254592                                  {product} {ergonomic}
    uintx ProfiledCodeHeapSize                     = 122909434                              {pd product} {ergonomic}
    uintx ReservedCodeCacheSize                    = 251658240                              {pd product} {ergonomic}
     bool SegmentedCodeCache                       = true                                      {product} {ergonomic}
   size_t SoftMaxHeapSize                          = 2147483648                             {manageable} {ergonomic}
     bool UseCompressedOops                        = true                           {product lp64_product} {ergonomic}
     bool UseLargePagesIndividualAllocation        = false                                  {pd product} {ergonomic}
     bool UseParallelGC                            = true                                      {product} {command line}

Logging:
Log output configuration:
 #0: stdout all=off uptime,level,tags foldmultilines=false
 #1: stderr all=off uptime,level,tags foldmultilines=false

Release file:
JAVA_VERSION="21.0.11" 
MODULES="java.base java.compiler java.datatransfer java.xml java.prefs java.desktop java.instrument java.logging java.management java.security.sasl java.naming java.rmi java.management.rmi java.net.http java.scripting java.security.jgss java.transaction.xa java.sql java.sql.rowset java.xml.crypto java.se java.smartcardio jdk.accessibility jdk.internal.jvmstat jdk.attach jdk.charsets jdk.internal.opt jdk.zipfs jdk.compiler jdk.crypto.ec jdk.crypto.cryptoki jdk.crypto.mscapi jdk.dynalink jdk.internal.ed jdk.editpad jdk.hotspot.agent jdk.httpserver jdk.internal.le jdk.internal.vm.ci jdk.internal.vm.compiler jdk.internal.vm.compiler.management jdk.jartool jdk.javadoc jdk.jcmd jdk.management jdk.management.agent jdk.jconsole jdk.jdeps jdk.jdwp.agent jdk.jdi jdk.jfr jdk.jshell jdk.jsobject jdk.jstatd jdk.localedata jdk.management.jfr jdk.naming.dns jdk.naming.rmi jdk.net jdk.nio.mapmode jdk.random jdk.sctp jdk.security.auth jdk.security.jgss jdk.unsupported jdk.unsupported.desktop jdk.xml.dom" 

Environment Variables:
JAVA_HOME=C:\Program Files\Java\jdk-21
PATH=C:\Program Files\Java\jdk-21\zulu17.42.19-ca-jdk17.0.7-win_x64\bin;C:\Program Files\Common Files\Oracle\Java\javapath;C:\Program Files (x86)\Common Files\Oracle\Java\javapath;C:\WINDOWS\system32;C:\WINDOWS;C:\WINDOWS\System32\Wbem;C:\WINDOWS\System32\WindowsPowerShell\v1.0\;C:\WINDOWS\System32\OpenSSH\;C:\Program Files\dotnet\;C:\Program Files\Git\cmd;C:Program Files\Java\jdk-17\bin;C:\Program Files\Docker\Docker\resources\bin;C:\maven\apache-maven-3.9.6-bin\apache-maven-3.9.6\bin;C:\Program Files\nodejs\;C:\Program Files\Java\jdk-21\bin;C:\Users\bo631\AppData\Local\Programs\Python\Python314\Scripts\;C:\Users\bo631\AppData\Local\Programs\Python\Python314\;C:\Users\bo631\AppData\Local\Programs\Python\Python311\Scripts\;C:\Users\bo631\AppData\Local\Programs\Python\Python311\;C:\Users\bo631\AppData\Local\Microsoft\WindowsApps;;C:\Users\bo631\AppData\Local\Programs\Microsoft VS Code\bin;C:\Program Files\JetBrains\IntelliJ IDEA Community Edition 2023.2.5\bin;;C:\Users\bo631\AppData\Roaming\npm
USERNAME=bo631
OS=Windows_NT
PROCESSOR_IDENTIFIER=AMD64 Family 23 Model 104 Stepping 1, AuthenticAMD
TMP=C:\Users\bo631\AppData\Local\Temp
TEMP=C:\Users\bo631\AppData\Local\Temp




Periodic native trim disabled

---------------  S Y S T E M  ---------------

OS:
 Windows 11 , 64 bit Build 26100 (10.0.26100.8521)
OS uptime: 1 days 8:23 hours
Hyper-V role detected

CPU: total 12 (initial active 12) (12 cores per cpu, 2 threads per core) family 23 model 104 stepping 1 microcode 0x8608103, cx8, cmov, fxsr, ht, mmx, 3dnowpref, sse, sse2, sse3, ssse3, sse4a, sse4.1, sse4.2, popcnt, lzcnt, tsc, tscinvbit, avx, avx2, aes, clmul, bmi1, bmi2, adx, sha, fma, vzeroupper, clflush, clflushopt, hv, rdtscp, rdpid, f16c
Processor Information for processor 0
  Max Mhz: 2100, Current Mhz: 2100, Mhz Limit: 2100
Processor Information for processor 1
  Max Mhz: 2100, Current Mhz: 2100, Mhz Limit: 2100
Processor Information for processor 2
  Max Mhz: 2100, Current Mhz: 2100, Mhz Limit: 2100
Processor Information for processor 3
  Max Mhz: 2100, Current Mhz: 1988, Mhz Limit: 2100
Processor Information for processor 4
  Max Mhz: 2100, Current Mhz: 2100, Mhz Limit: 2100
Processor Information for processor 5
  Max Mhz: 2100, Current Mhz: 1988, Mhz Limit: 2100
Processor Information for processor 6
  Max Mhz: 2100, Current Mhz: 1988, Mhz Limit: 2100
Processor Information for processor 7
  Max Mhz: 2100, Current Mhz: 2100, Mhz Limit: 2100
Processor Information for processor 8
  Max Mhz: 2100, Current Mhz: 2100, Mhz Limit: 2100
Processor Information for processor 9
  Max Mhz: 2100, Current Mhz: 2100, Mhz Limit: 2100
Processor Information for processor 10
  Max Mhz: 2100, Current Mhz: 2100, Mhz Limit: 2100
Processor Information for processor 11
  Max Mhz: 2100, Current Mhz: 2100, Mhz Limit: 2100

Memory: 4k page, system-wide physical 5989M (369M free)
TotalPageFile size 24421M (AvailPageFile size 0M)
current process WorkingSet (physical memory assigned to process): 109M, peak: 109M
current process commit charge ("private bytes"): 273M, peak: 274M

vm_info: OpenJDK 64-Bit Server VM (21.0.11+10-LTS) for windows-amd64 JRE (21.0.11+10-LTS), built on 2026-04-21T00:00:00Z by "admin" with MS VC++ 17.12 (VS2022)

END.
